
PC_PC@PC MINGW64 ~
$ cd E:\SI_2023_lab1_213276

PC_PC@PC MINGW64 /e/SI_2023_lab1_213276
$ git init
Initialized empty Git repository in E:/SI_2023_lab1_213276/.git/

PC_PC@PC MINGW64 /e/SI_2023_lab1_213276 (master)
$ git remote add origin https://github.com/aleksandargjorgjievski/SI_2023_lab1_213276.git

PC_PC@PC MINGW64 /e/SI_2023_lab1_213276 (master)
$ touch README.md

PC_PC@PC MINGW64 /e/SI_2023_lab1_213276 (master)
$ git add README.md

PC_PC@PC MINGW64 /e/SI_2023_lab1_213276 (master)
$ git commit -m "initial commit"
[master (root-commit) d9e124e] initial commit
 1 file changed, 1 insertion(+)
 create mode 100644 README.md

PC_PC@PC MINGW64 /e/SI_2023_lab1_213276 (master)
$ touch SILab1.java

PC_PC@PC MINGW64 /e/SI_2023_lab1_213276 (master)
$ git add SILab1.java

PC_PC@PC MINGW64 /e/SI_2023_lab1_213276 (master)
$ git commit -m "Add java class"
[master 0217fa1] Add java class
 1 file changed, 41 insertions(+)
 create mode 100644 SILab1.java

PC_PC@PC MINGW64 /e/SI_2023_lab1_213276 (master)
$ git push -u origin master
Enumerating objects: 6, done.
Counting objects: 100% (6/6), done.
Delta compression using up to 12 threads
Compressing objects: 100% (4/4), done.
Writing objects: 100% (6/6), 828 bytes | 828.00 KiB/s, done.
Total 6 (delta 1), reused 0 (delta 0), pack-reused 0
remote: Resolving deltas: 100% (1/1), done.
To https://github.com/aleksandargjorgjievski/SI_2023_lab1_213276.git
 * [new branch]      master -> master
branch 'master' set up to track 'origin/master'.
